###############################################################################
#                                                                             #
# IAR ELF Linker V1.30.1.50036 for STM8                 18/Nov/2013  22:16:29 #
# Copyright 2010-2011 IAR Systems AB.                                         #
#                                                                             #
#    Output file  =  bootloader.out                                           #
#    Map file     =  app.map                                                  #
#    Command line =  --config_def _CSTACK_SIZE=0x100 --config_def             #
#                    _HEAP_SIZE=0x100 --config lnkstm8s103f3.icf --map        #
#                    app.map bootloader.o -o bootloader.out                   #
#                                                                             #
#                                                                             #
###############################################################################

*******************************************************************************
*** RUNTIME MODEL ATTRIBUTES
***

__SystemLibrary            = DLib
__code_model               = small
__core                     = stm8
__data_model               = medium
__dlib_file_descriptor     = 0
__dlib_full_locale_support = 0
__rt_version               = 4


*******************************************************************************
*** PLACEMENT SUMMARY
***

"A1":  place at start of [0x000000-0x0000ff] { rw section .vregs };
"A2":  place at end of [0x000000-0x0003ff] { block CSTACK };
"P2":  place in [from 0x000000 to 0x0003ff] {
          block HEAP, rw section .far.bss, rw section .far.data,
          rw section .far.noinit, rw section .far_func.textrw,
          rw section .huge.bss, rw section .huge.data, rw section .huge.noinit,
          rw section .huge_func.textrw, rw section .iar.dynexit,
          rw section .near.bss, rw section .near.data, rw section .near.noinit,
          rw section .near_func.textrw };
"A3":  place at start of [0x008000-0x009fff] { block INTVEC };
"P3":  place in [from 0x008000 to 0x009fff] {
          ro section .far.data_init, ro section .far_func.textrw_init,
          ro section .huge.data_init, ro section .huge_func.textrw_init,
          ro section .iar.init_table, ro section .init_array,
          ro section .near.data_init, ro section .near.rodata,
          ro section .near_func.text, ro section .near_func.textrw_init,
          ro section .tiny.data_init, ro section .tiny.rodata_init };

  Section              Kind      Address   Size  Object
  -------              ----      -------   ----  ------
"A1":                                       0xc
  .vregs               uninit   0x000000    0xc  vregs.o [4]
                              - 0x00000c    0xc

"P2":                                      0x1a
  P2 s0                         0x00000c   0x1a  <Init block>
    .near_func.textrw  inited   0x00000c   0x1a  bootloader.o [1]
                              - 0x000026   0x1a

"A2":                                     0x100
  CSTACK                        0x000300  0x100  <Block>
    CSTACK             uninit   0x000300  0x100  <Block tail>
                              - 0x000400  0x100

"A3":                                      0x80
  INTVEC                        0x008000   0x80  <Block>
    .intvec            const    0x008000   0x80  interrupt.o [4]
                              - 0x008080   0x80

"P3":                                     0x166
  .near_func.text      ro code  0x008080   0xcd  bootloader.o [1]
  .near_func.text      ro code  0x00814d   0x28  init_small.o [4]
  .near_func.text      ro code  0x008175   0x17  init.o [4]
  .iar.init_table      const    0x00818c    0xa  - Linker created -
  .near_func.text      ro code  0x008196   0x13  cstartup.o [4]
  .near_func.text      ro code  0x0081a9    0x9  bootloader.o [1]
  .near_func.text      ro code  0x0081b2    0x7  short.o [4]
  .near_func.text      ro code  0x0081b9    0x5  cexit.o [4]
  .near_func.text      ro code  0x0081be    0x3  interrupt.o [4]
  .near_func.text      ro code  0x0081c1    0x3  low_level_init.o [4]
  .near_func.text      ro code  0x0081c4    0x3  exit.o [4]
  .near_func.text      ro code  0x0081c7    0x3  unhandled_exception.o [4]
  .near_func.text      ro code  0x0081ca    0x2  xxexit.o [3]
  Initializer bytes    ro data  0x0081cc   0x1a  <for P2 s0>
                              - 0x0081e6  0x166


*******************************************************************************
*** INIT TABLE
***

          Address   Size
          -------   ----
Copy (__iar_copy_init2)
    1 source range, total size 0x1a:
          0x0081cc  0x1a
    1 destination range, total size 0x1a:
          0x00000c  0x1a


*******************************************************************************
*** MODULE SUMMARY
***

    Module                 ro code  rw code  ro data  rw data
    ------                 -------  -------  -------  -------
F:\事业_规划\STM8S模块\hairBoot: [1]
    bootloader.o               214       26       26
    ---------------------------------------------------------
    Total:                     214       26       26

command line: [2]
    ---------------------------------------------------------
    Total:

dbgstm8smn.a: [3]
    xxexit.o                     2
    ---------------------------------------------------------
    Total:                       2

dlstm8smn.a: [4]
    cexit.o                      5
    cstartup.o                  19
    exit.o                       3
    init.o                      23
    init_small.o                40
    interrupt.o                  3               128
    low_level_init.o             3
    short.o                      7
    unhandled_exception.o        3
    vregs.o                                                12
    ---------------------------------------------------------
    Total:                     106               128       12

    Linker created                                10      256
-------------------------------------------------------------
    Grand Total:               322       26      164      268


*******************************************************************************
*** ENTRY LIST
***

Entry                  Address  Size  Type      Object
-----                  -------  ----  ----      ------
?b0                   0x000000        Data  Gb  vregs.o [4]
?b1                   0x000001        Data  Gb  vregs.o [4]
?b10                  0x00000a        Data  Gb  vregs.o [4]
?b11                  0x00000b        Data  Gb  vregs.o [4]
?b2                   0x000002        Data  Gb  vregs.o [4]
?b3                   0x000003        Data  Gb  vregs.o [4]
?b4                   0x000004        Data  Gb  vregs.o [4]
?b5                   0x000005        Data  Gb  vregs.o [4]
?b6                   0x000006        Data  Gb  vregs.o [4]
?b7                   0x000007        Data  Gb  vregs.o [4]
?b8                   0x000008        Data  Gb  vregs.o [4]
?b9                   0x000009        Data  Gb  vregs.o [4]
?e0                   0x000001        Data  Gb  vregs.o [4]
?e1                   0x000005        Data  Gb  vregs.o [4]
?e2                   0x000009        Data  Gb  vregs.o [4]
?l0                   0x000000        Data  Gb  vregs.o [4]
?l1                   0x000004        Data  Gb  vregs.o [4]
?l2                   0x000008        Data  Gb  vregs.o [4]
?sll16_x_x_4          0x0081b4        Code  Gb  short.o [4]
?sll16_x_x_5          0x0081b3        Code  Gb  short.o [4]
?sll16_x_x_6          0x0081b2        Code  Gb  short.o [4]
?w0                   0x000000        Data  Gb  vregs.o [4]
?w1                   0x000002        Data  Gb  vregs.o [4]
?w2                   0x000004        Data  Gb  vregs.o [4]
?w3                   0x000006        Data  Gb  vregs.o [4]
?w4                   0x000008        Data  Gb  vregs.o [4]
?w5                   0x00000a        Data  Gb  vregs.o [4]
CSTACK$$Base          0x000300         --   Gb  - Linker created -
CSTACK$$Limit         0x000400         --   Gb  - Linker created -
FLASH_ProgBlock       0x00000c  0x1a  Code  Gb  bootloader.o [1]
INTVEC$$Base          0x008000         --   Gb  - Linker created -
INTVEC$$Limit         0x008080         --   Gb  - Linker created -
Region$$Table$$Base   0x00818c         --   Gb  - Linker created -
Region$$Table$$Limit  0x008196         --   Gb  - Linker created -
UART1_RcvB            0x0081a9   0x9  Code  Gb  bootloader.o [1]
__exit                0x0081ca   0x2  Code  Gb  xxexit.o [3]
__iar_copy_init2      0x00814d        Code  Gb  init_small.o [4]
__iar_data_init2      0x008175  0x17  Code  Gb  init.o [4]
__iar_program_start   0x008196        Code  Gb  cstartup.o [4]
__iar_unhandled_exception
                      0x0081c7        Code  Gb  unhandled_exception.o [4]
__intvec              0x008000        Data  Gb  interrupt.o [4]
__low_level_init      0x0081c1   0x3  Code  Gb  low_level_init.o [4]
_exit                 0x0081b9        Code  Gb  cexit.o [4]
_interrupt_1          0x0081be        Code  Wk  interrupt.o [4]
_interrupt_10         0x0081be        Code  Wk  interrupt.o [4]
_interrupt_11         0x0081be        Code  Wk  interrupt.o [4]
_interrupt_12         0x0081be        Code  Wk  interrupt.o [4]
_interrupt_13         0x0081be        Code  Wk  interrupt.o [4]
_interrupt_14         0x0081be        Code  Wk  interrupt.o [4]
_interrupt_15         0x0081be        Code  Wk  interrupt.o [4]
_interrupt_16         0x0081be        Code  Wk  interrupt.o [4]
_interrupt_17         0x0081be        Code  Wk  interrupt.o [4]
_interrupt_18         0x0081be        Code  Wk  interrupt.o [4]
_interrupt_19         0x0081be        Code  Wk  interrupt.o [4]
_interrupt_2          0x0081be        Code  Wk  interrupt.o [4]
_interrupt_20         0x0081be        Code  Wk  interrupt.o [4]
_interrupt_21         0x0081be        Code  Wk  interrupt.o [4]
_interrupt_22         0x0081be        Code  Wk  interrupt.o [4]
_interrupt_23         0x0081be        Code  Wk  interrupt.o [4]
_interrupt_24         0x0081be        Code  Wk  interrupt.o [4]
_interrupt_25         0x0081be        Code  Wk  interrupt.o [4]
_interrupt_26         0x0081be        Code  Wk  interrupt.o [4]
_interrupt_27         0x0081be        Code  Wk  interrupt.o [4]
_interrupt_28         0x0081be        Code  Wk  interrupt.o [4]
_interrupt_29         0x0081be        Code  Wk  interrupt.o [4]
_interrupt_3          0x0081be        Code  Wk  interrupt.o [4]
_interrupt_30         0x0081be        Code  Wk  interrupt.o [4]
_interrupt_31         0x0081be        Code  Wk  interrupt.o [4]
_interrupt_4          0x0081be        Code  Wk  interrupt.o [4]
_interrupt_5          0x0081be        Code  Wk  interrupt.o [4]
_interrupt_6          0x0081be        Code  Wk  interrupt.o [4]
_interrupt_7          0x0081be        Code  Wk  interrupt.o [4]
_interrupt_8          0x0081be        Code  Wk  interrupt.o [4]
_interrupt_9          0x0081be        Code  Wk  interrupt.o [4]
exit                  0x0081c4   0x3  Code  Gb  exit.o [4]
main                  0x008080  0xcd  Code  Gb  bootloader.o [1]


[1] = F:\事业_规划\STM8S模块\hairBoot
[2] = command line
[3] = dbgstm8smn.a
[4] = dlstm8smn.a

  322 bytes of readonly  code memory
   26 bytes of readwrite code memory
  164 bytes of readonly  data memory
  268 bytes of readwrite data memory

Errors: none
Warnings: none
